» färsk DB på migration 160 · commit b51d6dd9+ändringar
ok  	formatet/megaron/server/api/handlers	25.594s
?   	formatet/megaron/server/cmd/create-world	[no test files]
ok  	formatet/megaron/server/cmd/keryx	0.020s
?   	formatet/megaron/server/cmd/mapgen-debug	[no test files]
?   	formatet/megaron/server/cmd/recompute-all	[no test files]
ok  	formatet/megaron/server/cmd/server	0.832s
ok  	formatet/megaron/server/internal/agora	0.037s
ok  	formatet/megaron/server/internal/ai	0.001s
ok  	formatet/megaron/server/internal/auth	0.730s
ok  	formatet/megaron/server/internal/capabilities	0.451s
?   	formatet/megaron/server/internal/chronicle	[no test files]
?   	formatet/megaron/server/internal/clock	[no test files]
ok  	formatet/megaron/server/internal/combat	5.934s
ok  	formatet/megaron/server/internal/economy	4.837s
ok  	formatet/megaron/server/internal/events	0.065s
ok  	formatet/megaron/server/internal/gossip	0.193s
ok  	formatet/megaron/server/internal/hexgrid	0.001s
ok  	formatet/megaron/server/internal/kharis	2.425s
ok  	formatet/megaron/server/internal/loyalty	0.111s
ok  	formatet/megaron/server/internal/messenger	1.294s
ok  	formatet/megaron/server/internal/movement	0.003s
ok  	formatet/megaron/server/internal/notify	1.098s
ok  	formatet/megaron/server/internal/province	0.226s
ok  	formatet/megaron/server/internal/religion	0.024s
ok  	formatet/megaron/server/internal/settlement	0.002s
ok  	formatet/megaron/server/internal/tick	0.002s
ok  	formatet/megaron/server/internal/transport	0.592s
ok  	formatet/megaron/server/internal/unit	0.021s
?   	formatet/megaron/server/internal/unit/shipnames	[no test files]
ok  	formatet/megaron/server/internal/world	89.173s
