--- FAIL: TestDefaultGoodStorageCapConsumers (0.00s)
    --- FAIL: TestDefaultGoodStorageCapConsumers/api/handlers/logistics.go (0.00s)
        storage_cap_sources_test.go:31: private storage ceiling in `INSERT INTO settlement_goods (settlement_id, good_key, amount, rate, cap, calc_tick)
            			 VALUES ($1, $2, $3, 0, 1000000, current_world_tick())
            			 ON CONFLICT (settlement_id, good_key) DO UPDATE SET
            			     amount  = LEAST(
            			         settled(settlement_goods.amount, settlement_goods.rate, settlement_goods.calc_tick)
            			             + $3,
            			         settlement_goods.cap),
            			     calc_tick = current_world_tick()`
        storage_cap_sources_test.go:36: consumer does not read DefaultGoodStorageCap
    --- FAIL: TestDefaultGoodStorageCapConsumers/api/handlers/create_metropolis.go (0.00s)
        storage_cap_sources_test.go:31: private storage ceiling in `INSERT INTO settlement_goods (settlement_id, good_key, amount, rate, cap, calc_tick)
            		 SELECT $1, g.key,
            		        -- Startlagret (megaron_plan_byggkostnader steg 3): 8 spannmål, inget
            		        -- timmer och ingen sten — catchmenten ska behöva skog och kulle.
            		        -- En kopia finns i combat/unit_arrival.go foundColony.
            		        -- Livestock kommer från economy.FoundingHerdLivestock, som är
            		        -- ett ANTAL DJUR och inte en matmängd — den skalas därför inte.
            		        CASE g.key
            		            WHEN 'grain'     THEN 8
            		            WHEN 'timber'    THEN 0
            		            WHEN 'stone'     THEN 0
            		            WHEN 'livestock' THEN $2::numeric
            		            ELSE 0
            		        END,
            		        0,
            		        1000000, -- non-binding storage ceiling (mirrors economy.goodCap);
            		                 -- the old per-good caps predated the 2026-07-05 cap
            		                 -- loosening and pinned never-produced/never-crafted goods
            		                 -- at a low binding value (silver's real cap is set by the
            		                 -- Sitos liquid-silver seed below)
            		        current_world_tick()
            		 FROM goods g
            		 ON CONFLICT (settlement_id, good_key) DO NOTHING`
        storage_cap_sources_test.go:36: consumer does not read DefaultGoodStorageCap
    --- FAIL: TestDefaultGoodStorageCapConsumers/internal/combat/unit_arrival.go (0.00s)
        storage_cap_sources_test.go:31: private storage ceiling in `INSERT INTO settlement_goods (settlement_id, good_key, amount, rate, cap, calc_tick)
            		 SELECT $1, g.key,
            		        -- Startlagret (megaron_plan_byggkostnader steg 3): inget timmer och
            		        -- ingen sten. Grain kommer från economy.ColonyGrainSeed och MÅSTE
            		        -- castas till numeric, inte int — ::int trunkerade decimaler tyst.
            		        -- En kopia finns i api/handlers/create_metropolis.go.
            		        -- Livestock är ett antal djur, inte en matmängd, och skalas inte.
            		        CASE g.key
            		            WHEN 'grain'     THEN $2::numeric
            		            WHEN 'timber'    THEN 0
            		            WHEN 'stone'     THEN 0
            		            WHEN 'livestock' THEN $3::numeric
            		            ELSE 0
            		        END,
            		        0,
            		        1000000, -- non-binding storage ceiling (mirrors economy.goodCap and
            		                 -- create_metropolis.go). The per-good CASE that stood here
            		                 -- predated the 2026-07-05 cap loosening (fc8d424) and was the
            		                 -- one seed site that sweep missed: every colony was founded
            		                 -- with cedar/timber capped at 500, ore at 300 and craft goods
            		                 -- at 200, so a colony on a forest hex pegged its cedar store
            		                 -- within eight ticks and burned the rest of its production
            		                 -- forever. Capitals never had this. Silver's real cap is set
            		                 -- by the Sitos liquid-silver seed below, same as for capitals.
            		        current_world_tick()
            		 FROM goods g
            		 ON CONFLICT (settlement_id, good_key) DO NOTHING`
        storage_cap_sources_test.go:36: consumer does not read DefaultGoodStorageCap
    --- FAIL: TestDefaultGoodStorageCapConsumers/internal/transport/arrival.go (0.00s)
        storage_cap_sources_test.go:31: private storage ceiling in `INSERT INTO settlement_goods (settlement_id, good_key, amount, rate, cap, calc_tick)
            			 VALUES ($1, $2, $3, 0, 1000000, current_world_tick())
            			 ON CONFLICT (settlement_id, good_key) DO UPDATE SET
            			     amount = LEAST(
            			         settled(settlement_goods.amount, settlement_goods.rate, settlement_goods.calc_tick) + $3,
            			         settlement_goods.cap),
            			     calc_tick = current_world_tick()`
        storage_cap_sources_test.go:36: consumer does not read DefaultGoodStorageCap
    --- FAIL: TestDefaultGoodStorageCapConsumers/internal/transport/intercept.go (0.00s)
        storage_cap_sources_test.go:31: private storage ceiling in `INSERT INTO settlement_goods (settlement_id, good_key, amount, rate, cap, calc_tick)
            		 SELECT $1, tg.good_key, tg.quantity, 0, 1000000, current_world_tick()
            		 FROM transport_goods tg WHERE tg.transport_id = $2
            		 ON CONFLICT (settlement_id, good_key) DO UPDATE SET
            		     amount = LEAST(
            		         settled(settlement_goods.amount, settlement_goods.rate, settlement_goods.calc_tick)
            		             + EXCLUDED.amount,
            		         settlement_goods.cap),
            		     calc_tick = current_world_tick()`
        storage_cap_sources_test.go:36: consumer does not read DefaultGoodStorageCap
    --- FAIL: TestDefaultGoodStorageCapConsumers/internal/economy/trade.go (0.00s)
        storage_cap_sources_test.go:31: private storage ceiling in `INSERT INTO settlement_goods (settlement_id, good_key, amount, rate, cap, calc_tick)
            		 VALUES ($1, $2, $3, 0, 1000000, current_world_tick())
            		 ON CONFLICT (settlement_id, good_key) DO UPDATE SET
            		     amount = LEAST(
            		         settled(settlement_goods.amount, settlement_goods.rate, settlement_goods.calc_tick)
            		             + $3,
            		         settlement_goods.cap),
            		     calc_tick = current_world_tick()`
        storage_cap_sources_test.go:36: consumer does not read DefaultGoodStorageCap
    --- FAIL: TestDefaultGoodStorageCapConsumers/internal/economy/recompute.go (0.00s)
        storage_cap_sources_test.go:31: private storage ceiling in 1_000_000
        storage_cap_sources_test.go:36: consumer does not read DefaultGoodStorageCap
FAIL
FAIL	formatet/megaron/server/cmd/server	0.006s
FAIL
