server/api/handlers/settlement.go:1660-1665: duplicate of server/internal/gossip/gossip.go:187-192
server/internal/gossip/gossip.go:187-192: duplicate of server/api/handlers/settlement.go:1660-1665
server/internal/combat/unit_arrival.go:758-767: duplicate of server/internal/combat/unit_arrival.go:1752-1761
server/internal/combat/unit_arrival.go:1752-1761: duplicate of server/internal/combat/unit_arrival.go:758-767
server/internal/combat/march_encounter.go:89-91: duplicate of server/internal/combat/unit_intercept_scan.go:82-84
server/internal/combat/unit_intercept_scan.go:82-84: duplicate of server/internal/combat/march_encounter.go:89-91
server/internal/chronicle/chronicle.go:208-222: duplicate of server/internal/chronicle/chronicle.go:224-238
server/internal/chronicle/chronicle.go:224-238: duplicate of server/internal/chronicle/chronicle.go:208-222
server/internal/combat/march_sighting.go:161-163: duplicate of server/internal/combat/upkeep.go:340-342
server/internal/combat/upkeep.go:340-342: duplicate of server/internal/combat/march_sighting.go:161-163
server/api/handlers/settlement.go:1567-1576: duplicate of server/internal/combat/collapse.go:196-205
server/internal/combat/collapse.go:196-205: duplicate of server/api/handlers/settlement.go:1567-1576
server/internal/combat/unit_arrival.go:1405-1412: duplicate of server/internal/combat/unit_arrival.go:1428-1435
server/internal/combat/unit_arrival.go:1428-1435: duplicate of server/internal/combat/unit_arrival.go:1405-1412
server/cmd/keryx/cmd_wants.go:92-100: duplicate of server/cmd/keryx/cmd_wants.go:101-109
server/cmd/keryx/cmd_wants.go:101-109: duplicate of server/cmd/keryx/cmd_wants.go:92-100
server/internal/messenger/order_delivery.go:145-161: duplicate of server/internal/messenger/order_delivery.go:162-183
server/internal/messenger/order_delivery.go:162-183: duplicate of server/internal/messenger/order_delivery.go:145-161
server/internal/combat/unit_arrival.go:448-463: duplicate of server/internal/combat/unit_arrival.go:474-489
server/internal/combat/unit_arrival.go:474-489: duplicate of server/internal/combat/unit_arrival.go:448-463
server/api/handlers/kingdom.go:1004-1010: duplicate of server/internal/combat/standing_orders.go:189-194
server/internal/combat/standing_orders.go:189-194: duplicate of server/api/handlers/kingdom.go:1004-1010
server/api/handlers/settlement.go:88-90: duplicate of server/internal/combat/unit_intercept_scan.go:132-133
server/internal/combat/unit_intercept_scan.go:132-133: duplicate of server/internal/messenger/passage.go:757-758
server/internal/messenger/passage.go:757-758: duplicate of server/api/handlers/settlement.go:88-90
server/internal/combat/unit_arrival.go:1123-1131: duplicate of server/internal/combat/unit_arrival.go:1679-1687
server/internal/combat/unit_arrival.go:1679-1687: duplicate of server/internal/combat/unit_arrival.go:1123-1131
server/api/handlers/messenger_passage.go:437-446: duplicate of server/api/handlers/messenger_passage.go:453-464
server/api/handlers/messenger_passage.go:453-464: duplicate of server/api/handlers/messenger_passage.go:437-446
server/internal/economy/goods.go:63-67: duplicate of server/internal/province/model.go:51-55
server/internal/province/model.go:51-55: duplicate of server/internal/economy/goods.go:63-67
server/internal/province/eyes.go:167-175: duplicate of server/internal/province/eyes.go:237-243
server/internal/province/eyes.go:237-243: duplicate of server/internal/province/eyes.go:167-175
server/internal/capabilities/trade_verbs.go:226-242: duplicate of server/internal/capabilities/trade_verbs.go:246-255
server/internal/capabilities/trade_verbs.go:246-255: duplicate of server/internal/capabilities/trade_verbs.go:226-242
server/api/handlers/standing_order.go:243-258: duplicate of server/api/handlers/standing_order.go:260-275
server/api/handlers/standing_order.go:260-275: duplicate of server/api/handlers/standing_order.go:243-258
server/cmd/server/main.go:1071-1077: duplicate of server/cmd/server/main.go:1096-1102
server/cmd/server/main.go:1096-1102: duplicate of server/cmd/server/main.go:1071-1077
server/api/handlers/standing_order.go:45-52: duplicate of server/api/handlers/standing_order.go:278-285
server/api/handlers/standing_order.go:278-285: duplicate of server/api/handlers/standing_order.go:45-52
server/internal/world/mapgen.go:2060-2098: duplicate of server/internal/world/mapgen.go:2133-2171
server/internal/world/mapgen.go:2133-2171: duplicate of server/internal/world/mapgen.go:2060-2098
server/internal/combat/ship_hull.go:417-467: duplicate of server/internal/transport/carrier.go:155-205
server/internal/transport/carrier.go:155-205: duplicate of server/internal/combat/ship_hull.go:417-467
server/internal/capabilities/kingdom_verbs.go:153-174: duplicate of server/internal/capabilities/kingdom_verbs.go:180-201
server/internal/capabilities/kingdom_verbs.go:180-201: duplicate of server/internal/capabilities/kingdom_verbs.go:153-174
server/internal/economy/recompute.go:687-697: duplicate of server/internal/economy/recompute.go:786-796
server/internal/economy/recompute.go:786-796: duplicate of server/internal/economy/recompute.go:687-697
server/internal/messenger/passage.go:131-148: duplicate of server/internal/messenger/passage.go:188-200
server/internal/messenger/passage.go:188-200: duplicate of server/internal/messenger/passage.go:131-148
server/api/handlers/god.go:75-82: duplicate of server/api/handlers/reports.go:210-216
server/api/handlers/reports.go:210-216: duplicate of server/api/handlers/god.go:75-82
server/api/handlers/world.go:1632-1643: duplicate of server/cmd/create-world/main.go:90-100
server/cmd/create-world/main.go:90-100: duplicate of server/api/handlers/world.go:1632-1643
server/internal/economy/sitos_tick.go:239-259: duplicate of server/internal/economy/sitos_tick.go:350-370
server/internal/economy/sitos_tick.go:350-370: duplicate of server/internal/economy/sitos_tick.go:239-259
server/api/handlers/unit.go:565-570: duplicate of server/api/handlers/unit.go:1889-1894
server/api/handlers/unit.go:1889-1894: duplicate of server/api/handlers/unit.go:565-570
server/internal/world/mapgen.go:2340-2371: duplicate of server/internal/world/mapgen.go:2387-2418
server/internal/world/mapgen.go:2387-2418: duplicate of server/internal/world/mapgen.go:2340-2371
server/internal/combat/recall_redirect.go:239-246: duplicate of server/internal/combat/recall_redirect.go:246-253
server/internal/combat/recall_redirect.go:246-253: duplicate of server/internal/combat/recall_redirect.go:239-246
server/api/handlers/world.go:106-110: duplicate of server/internal/province/names.go:157-163
server/internal/province/names.go:157-163: duplicate of server/api/handlers/world.go:106-110
server/api/handlers/province.go:2463-2473: duplicate of server/api/handlers/province.go:2580-2590
server/api/handlers/province.go:2580-2590: duplicate of server/api/handlers/province.go:2463-2473
server/api/handlers/settlement.go:40-42: duplicate of server/internal/messenger/order_delivery.go:73-75
server/internal/messenger/order_delivery.go:73-75: duplicate of server/api/handlers/settlement.go:40-42
server/internal/combat/unit_arrival.go:2118-2126: duplicate of server/internal/combat/unit_arrival.go:2245-2253
server/internal/combat/unit_arrival.go:2245-2253: duplicate of server/internal/combat/unit_arrival.go:2118-2126
server/api/handlers/unit.go:133-138: duplicate of server/api/handlers/unit_march_preview.go:99-102
server/api/handlers/unit_march_preview.go:99-102: duplicate of server/api/handlers/unit.go:133-138
server/cmd/keryx/client.go:162-171: duplicate of server/cmd/keryx/client.go:206-215
server/cmd/keryx/client.go:206-215: duplicate of server/cmd/keryx/client.go:162-171
server/api/handlers/messenger.go:745-746: duplicate of server/internal/combat/march_encounter.go:206-208
server/internal/combat/march_encounter.go:206-208: duplicate of server/api/handlers/messenger.go:745-746
server/internal/capabilities/context.go:102-114: duplicate of server/internal/capabilities/context.go:118-129
server/internal/capabilities/context.go:118-129: duplicate of server/internal/capabilities/context.go:133-145
server/internal/capabilities/context.go:133-145: duplicate of server/internal/capabilities/context.go:149-161
server/internal/capabilities/context.go:149-161: duplicate of server/internal/capabilities/context.go:102-114
server/internal/world/mapgen.go:2287-2299: duplicate of server/internal/world/mapgen.go:2310-2322
server/internal/world/mapgen.go:2310-2322: duplicate of server/internal/world/mapgen.go:2287-2299
server/api/handlers/unit.go:139-144: duplicate of server/api/handlers/unit.go:151-163
server/api/handlers/unit.go:151-163: duplicate of server/api/handlers/unit.go:139-144
server/api/handlers/province.go:4149-4175: duplicate of server/api/handlers/province.go:4218-4244
server/api/handlers/province.go:4218-4244: duplicate of server/api/handlers/province.go:4149-4175
server/internal/economy/recompute.go:445-449: duplicate of server/internal/gossip/gossip.go:28-32
server/internal/gossip/gossip.go:28-32: duplicate of server/internal/economy/recompute.go:445-449
server/cmd/keryx/cmd_status.go:1273-1278: duplicate of server/internal/economy/founding_placement.go:110-115
server/internal/economy/founding_placement.go:110-115: duplicate of server/internal/world/debugpng.go:252-257
server/internal/world/debugpng.go:252-257: duplicate of server/cmd/keryx/cmd_status.go:1273-1278
server/api/handlers/messenger.go:1314-1327: duplicate of server/api/handlers/messenger.go:1448-1461
server/api/handlers/messenger.go:1448-1461: duplicate of server/api/handlers/messenger.go:1314-1327
server/internal/auth/middleware.go:59-66: duplicate of server/internal/auth/middleware.go:78-85
server/internal/auth/middleware.go:78-85: duplicate of server/internal/auth/middleware.go:59-66
server/api/handlers/province.go:3650-3659: duplicate of server/api/handlers/province.go:3684-3693
server/api/handlers/province.go:3684-3693: duplicate of server/api/handlers/province.go:3650-3659
server/internal/capabilities/context.go:283-295: duplicate of server/internal/capabilities/context.go:299-311
server/internal/capabilities/context.go:299-311: duplicate of server/internal/capabilities/context.go:283-295
server/api/handlers/god.go:77-80: duplicate of server/api/handlers/reports.go:212-214
server/api/handlers/reports.go:212-214: duplicate of server/api/handlers/world.go:360-363
server/api/handlers/world.go:360-363: duplicate of server/api/handlers/god.go:77-80
server/internal/combat/occupation.go:680-689: duplicate of server/internal/combat/occupation.go:718-727
server/internal/combat/occupation.go:718-727: duplicate of server/internal/combat/occupation.go:680-689
server/api/handlers/messenger_passage.go:501-512: duplicate of server/internal/messenger/passage.go:517-528
server/internal/messenger/passage.go:517-528: duplicate of server/api/handlers/messenger_passage.go:501-512
server/cmd/keryx/cmd_gossip.go:44-54: duplicate of server/cmd/keryx/cmd_messenger.go:315-325
server/cmd/keryx/cmd_messenger.go:315-325: duplicate of server/cmd/keryx/cmd_gossip.go:44-54
server/cmd/keryx/client.go:173-182: duplicate of server/cmd/keryx/client.go:184-193
server/cmd/keryx/client.go:184-193: duplicate of server/cmd/keryx/client.go:195-204
server/cmd/keryx/client.go:195-204: duplicate of server/cmd/keryx/client.go:173-182
server/internal/economy/trade_return.go:130-140: duplicate of server/internal/transport/arrival.go:96-106
server/internal/transport/arrival.go:96-106: duplicate of server/internal/economy/trade_return.go:130-140
server/internal/messenger/order_delivery.go:131-141: duplicate of server/internal/messenger/order_delivery.go:150-159
server/internal/messenger/order_delivery.go:150-159: duplicate of server/internal/messenger/order_delivery.go:172-181
server/internal/messenger/order_delivery.go:172-181: duplicate of server/internal/messenger/order_delivery.go:235-247
server/internal/messenger/order_delivery.go:235-247: duplicate of server/internal/messenger/order_delivery.go:131-141
server/api/handlers/messenger.go:165-181: duplicate of server/api/handlers/messenger.go:182-198
server/api/handlers/messenger.go:182-198: duplicate of server/api/handlers/messenger.go:165-181
server/internal/agora/client.go:224-232: duplicate of server/internal/agora/client.go:246-254
server/internal/agora/client.go:246-254: duplicate of server/internal/agora/client.go:224-232
server/internal/province/model.go:109-124: duplicate of server/internal/world/model.go:43-69
server/internal/world/model.go:43-69: duplicate of server/internal/province/model.go:109-124
server/api/handlers/dispatch_preferences.go:58-78: duplicate of server/api/handlers/dispatch_preferences.go:82-101
server/api/handlers/dispatch_preferences.go:82-101: duplicate of server/api/handlers/dispatch_preferences.go:58-78
server/internal/events/store.go:153-159: duplicate of server/internal/events/store.go:176-182
server/internal/events/store.go:176-182: duplicate of server/internal/events/store.go:153-159
server/api/handlers/messenger.go:1164-1175: duplicate of server/api/handlers/province.go:3356-3371
server/api/handlers/province.go:3356-3371: duplicate of server/api/handlers/messenger.go:1164-1175
server/api/handlers/world.go:1721-1726: duplicate of server/api/handlers/world.go:1824-1829
server/api/handlers/world.go:1824-1829: duplicate of server/api/handlers/world.go:1721-1726
server/cmd/keryx/client.go:173-193: duplicate of server/cmd/keryx/client.go:184-204
server/cmd/keryx/client.go:184-204: duplicate of server/cmd/keryx/client.go:173-193
server/api/handlers/notifications.go:140-161: duplicate of server/api/handlers/notifications.go:202-222
server/api/handlers/notifications.go:202-222: duplicate of server/api/handlers/notifications.go:140-161
server/internal/messenger/passage.go:1004-1013: duplicate of server/internal/messenger/passage.go:1030-1039
server/internal/messenger/passage.go:1030-1039: duplicate of server/internal/messenger/passage.go:1004-1013
server/internal/world/mapgen.go:2352-2360: duplicate of server/internal/world/mapgen.go:2399-2407
server/internal/world/mapgen.go:2399-2407: duplicate of server/internal/world/mapgen.go:2547-2555
server/internal/world/mapgen.go:2547-2555: duplicate of server/internal/world/mapgen.go:3023-3031
server/internal/world/mapgen.go:3023-3031: duplicate of server/internal/world/mapgen.go:2352-2360
