server/api/handlers/messenger_reply_test.go:139-153: duplicate of server/api/handlers/messenger_trade_naval_test.go:188-202
server/api/handlers/messenger_trade_naval_test.go:188-202: duplicate of server/api/handlers/messenger_reply_test.go:139-153
server/api/handlers/province_mine_catchment_test.go:150-165: duplicate of server/api/handlers/settlement_placement_test.go:124-139
server/api/handlers/settlement_placement_test.go:124-139: duplicate of server/api/handlers/standing_order_test.go:106-121
server/api/handlers/standing_order_test.go:106-121: duplicate of server/api/handlers/province_mine_catchment_test.go:150-165
server/api/handlers/hex_ownership_test.go:181-199: duplicate of server/api/handlers/hex_ownership_test.go:208-226
server/api/handlers/hex_ownership_test.go:208-226: duplicate of server/api/handlers/hex_ownership_test.go:181-199
server/internal/transport/arrival_ship_release_test.go:44-63: duplicate of server/internal/transport/arrival_ship_release_test.go:212-232
server/internal/transport/arrival_ship_release_test.go:212-232: duplicate of server/internal/transport/arrival_ship_release_test.go:44-63
server/api/handlers/map_trades_mine_test.go:170-186: duplicate of server/api/handlers/rural_test.go:113-129
server/api/handlers/rural_test.go:113-129: duplicate of server/api/handlers/map_trades_mine_test.go:170-186
server/internal/economy/building_level_yield_test.go:37-73: duplicate of server/internal/economy/building_level_yield_test.go:100-132
server/internal/economy/building_level_yield_test.go:100-132: duplicate of server/internal/economy/building_level_yield_test.go:37-73
server/internal/combat/march_encounter_test.go:44-108: duplicate of server/internal/combat/unit_intercept_scan_test.go:35-101
server/internal/combat/unit_intercept_scan_test.go:35-101: duplicate of server/internal/combat/march_encounter_test.go:44-108
server/internal/messenger/order_delivery.go:145-161: duplicate of server/internal/messenger/order_delivery.go:162-183
server/internal/messenger/order_delivery.go:162-183: duplicate of server/internal/messenger/order_delivery.go:145-161
server/internal/economy/refining_weakest_link_test.go:139-160: duplicate of server/internal/economy/refining_weakest_link_test.go:235-258
server/internal/economy/refining_weakest_link_test.go:235-258: duplicate of server/internal/economy/refining_weakest_link_test.go:139-160
server/api/handlers/settlement_overview_test.go:50-68: duplicate of server/internal/economy/trade_internal_no_loss_test.go:60-76
server/internal/economy/trade_internal_no_loss_test.go:60-76: duplicate of server/api/handlers/settlement_overview_test.go:50-68
server/internal/world/mapgen.go:2060-2098: duplicate of server/internal/world/mapgen.go:2133-2171
server/internal/world/mapgen.go:2133-2171: duplicate of server/internal/world/mapgen.go:2060-2098
server/cmd/keryx/cmd_city_test.go:60-92: duplicate of server/cmd/keryx/cmd_idle_test.go:16-48
server/cmd/keryx/cmd_idle_test.go:16-48: duplicate of server/cmd/keryx/cmd_city_test.go:60-92
server/internal/combat/ship_hull.go:417-467: duplicate of server/internal/transport/carrier.go:155-205
server/internal/transport/carrier.go:155-205: duplicate of server/internal/combat/ship_hull.go:417-467
server/api/handlers/culture_mvp_test.go:75-101: duplicate of server/api/handlers/culture_mvp_test.go:108-135
server/api/handlers/culture_mvp_test.go:108-135: duplicate of server/api/handlers/culture_mvp_test.go:75-101
server/internal/kharis/siege_starvation_clock_test.go:124-144: duplicate of server/internal/kharis/siege_starvation_clock_test.go:150-170
server/internal/kharis/siege_starvation_clock_test.go:150-170: duplicate of server/internal/kharis/siege_starvation_clock_test.go:124-144
server/cmd/keryx/cmd_status_surplus_test.go:302-319: duplicate of server/cmd/keryx/cmd_status_test.go:430-447
server/cmd/keryx/cmd_status_test.go:430-447: duplicate of server/cmd/keryx/cmd_status_surplus_test.go:302-319
server/internal/world/mapgen.go:2340-2371: duplicate of server/internal/world/mapgen.go:2387-2418
server/internal/world/mapgen.go:2387-2418: duplicate of server/internal/world/mapgen.go:2340-2371
server/internal/economy/siege_dispatch_test.go:175-198: duplicate of server/internal/economy/siege_dispatch_test.go:202-223
server/internal/economy/siege_dispatch_test.go:202-223: duplicate of server/internal/economy/siege_dispatch_test.go:175-198
server/api/handlers/province.go:4149-4175: duplicate of server/api/handlers/province.go:4218-4244
server/api/handlers/province.go:4218-4244: duplicate of server/api/handlers/province.go:4149-4175
server/internal/combat/upkeep_support_settlement_test.go:65-85: duplicate of server/internal/loyalty/colony_idempotent_test.go:82-102
server/internal/loyalty/colony_idempotent_test.go:82-102: duplicate of server/internal/combat/upkeep_support_settlement_test.go:65-85
server/internal/kharis/divine_notification_name_test.go:18-52: duplicate of server/internal/kharis/divine_notification_name_test.go:54-88
server/internal/kharis/divine_notification_name_test.go:54-88: duplicate of server/internal/kharis/divine_notification_name_test.go:18-52
server/internal/economy/wine_beyond_hills_test.go:149-210: duplicate of server/internal/economy/wine_beyond_hills_test.go:215-276
server/internal/economy/wine_beyond_hills_test.go:215-276: duplicate of server/internal/economy/wine_beyond_hills_test.go:149-210
server/api/handlers/messenger.go:165-181: duplicate of server/api/handlers/messenger.go:182-198
server/api/handlers/messenger.go:182-198: duplicate of server/api/handlers/messenger.go:165-181
server/api/handlers/fow_test.go:172-182: duplicate of server/api/handlers/fow_test.go:185-195
server/api/handlers/fow_test.go:185-195: duplicate of server/api/handlers/fow_test.go:222-232
server/api/handlers/fow_test.go:222-232: duplicate of server/api/handlers/fow_test.go:172-182
server/api/handlers/dispatch_preferences.go:58-78: duplicate of server/api/handlers/dispatch_preferences.go:82-101
server/api/handlers/dispatch_preferences.go:82-101: duplicate of server/api/handlers/dispatch_preferences.go:58-78
server/api/handlers/join_landmass_balance_test.go:106-125: duplicate of server/api/handlers/join_silver_bias_test.go:90-109
server/api/handlers/join_silver_bias_test.go:90-109: duplicate of server/api/handlers/join_landmass_balance_test.go:106-125
server/api/handlers/marches_messengers_fow_test.go:248-266: duplicate of server/api/handlers/marches_messengers_fow_test.go:268-286
server/api/handlers/marches_messengers_fow_test.go:268-286: duplicate of server/api/handlers/messenger_passage_leg_test.go:45-63
server/api/handlers/messenger_passage_leg_test.go:45-63: duplicate of server/api/handlers/marches_messengers_fow_test.go:248-266
server/internal/economy/sitos_conservation_test.go:199-227: duplicate of server/internal/economy/sitos_conservation_test.go:261-289
server/internal/economy/sitos_conservation_test.go:261-289: duplicate of server/internal/economy/sitos_conservation_test.go:199-227
server/api/handlers/notifications.go:140-161: duplicate of server/api/handlers/notifications.go:202-222
server/api/handlers/notifications.go:202-222: duplicate of server/api/handlers/notifications.go:140-161
