» färsk DB på migration 163 · commit c093fc11+ändringar
ok  	formatet/megaron/server/api/handlers	26.697s
?   	formatet/megaron/server/cmd/create-world	[no test files]
ok  	formatet/megaron/server/cmd/keryx	0.093s
?   	formatet/megaron/server/cmd/mapgen-debug	[no test files]
?   	formatet/megaron/server/cmd/recompute-all	[no test files]
ok  	formatet/megaron/server/cmd/server	0.920s
ok  	formatet/megaron/server/internal/agora	0.036s
ok  	formatet/megaron/server/internal/ai	0.001s
ok  	formatet/megaron/server/internal/auth	0.724s
ok  	formatet/megaron/server/internal/capabilities	0.458s
?   	formatet/megaron/server/internal/carrier	[no test files]
?   	formatet/megaron/server/internal/chronicle	[no test files]
?   	formatet/megaron/server/internal/clock	[no test files]
ok  	formatet/megaron/server/internal/combat	7.277s
ok  	formatet/megaron/server/internal/economy	4.309s
ok  	formatet/megaron/server/internal/events	0.066s
ok  	formatet/megaron/server/internal/gossip	0.194s
ok  	formatet/megaron/server/internal/hexgrid	0.001s
ok  	formatet/megaron/server/internal/kharis	2.801s
ok  	formatet/megaron/server/internal/loyalty	0.106s
ok  	formatet/megaron/server/internal/messenger	1.703s
ok  	formatet/megaron/server/internal/movement	0.003s
ok  	formatet/megaron/server/internal/notify	1.104s
ok  	formatet/megaron/server/internal/province	0.229s
ok  	formatet/megaron/server/internal/religion	0.025s
ok  	formatet/megaron/server/internal/settlement	0.001s
ok  	formatet/megaron/server/internal/tick	0.145s
ok  	formatet/megaron/server/internal/transport	0.753s
ok  	formatet/megaron/server/internal/unit	0.021s
?   	formatet/megaron/server/internal/unit/shipnames	[no test files]
ok  	formatet/megaron/server/internal/world	87.372s
