» färsk DB på migration 162 · commit d9d7c392+ändringar
ok  	formatet/megaron/server/api/handlers	25.801s
?   	formatet/megaron/server/cmd/create-world	[no test files]
ok  	formatet/megaron/server/cmd/keryx	0.022s
?   	formatet/megaron/server/cmd/mapgen-debug	[no test files]
?   	formatet/megaron/server/cmd/recompute-all	[no test files]
ok  	formatet/megaron/server/cmd/server	0.826s
ok  	formatet/megaron/server/internal/agora	0.037s
ok  	formatet/megaron/server/internal/ai	0.001s
ok  	formatet/megaron/server/internal/auth	0.705s
ok  	formatet/megaron/server/internal/capabilities	0.484s
?   	formatet/megaron/server/internal/carrier	[no test files]
?   	formatet/megaron/server/internal/chronicle	[no test files]
?   	formatet/megaron/server/internal/clock	[no test files]
ok  	formatet/megaron/server/internal/combat	7.199s
ok  	formatet/megaron/server/internal/economy	4.213s
ok  	formatet/megaron/server/internal/events	0.061s
ok  	formatet/megaron/server/internal/gossip	0.189s
ok  	formatet/megaron/server/internal/hexgrid	0.001s
ok  	formatet/megaron/server/internal/kharis	2.725s
ok  	formatet/megaron/server/internal/loyalty	0.106s
ok  	formatet/megaron/server/internal/messenger	1.652s
ok  	formatet/megaron/server/internal/movement	0.003s
ok  	formatet/megaron/server/internal/notify	1.113s
ok  	formatet/megaron/server/internal/province	0.226s
ok  	formatet/megaron/server/internal/religion	0.025s
ok  	formatet/megaron/server/internal/settlement	0.001s
ok  	formatet/megaron/server/internal/tick	0.001s
ok  	formatet/megaron/server/internal/transport	0.733s
ok  	formatet/megaron/server/internal/unit	0.022s
?   	formatet/megaron/server/internal/unit/shipnames	[no test files]
ok  	formatet/megaron/server/internal/world	93.615s
