» färsk DB på migration 162 · commit a4a9ce45+ändringar
ok  	formatet/megaron/server/api/handlers	26.800s
?   	formatet/megaron/server/cmd/create-world	[no test files]
ok  	formatet/megaron/server/cmd/keryx	0.025s
?   	formatet/megaron/server/cmd/mapgen-debug	[no test files]
?   	formatet/megaron/server/cmd/recompute-all	[no test files]
ok  	formatet/megaron/server/cmd/server	0.913s
ok  	formatet/megaron/server/internal/agora	0.035s
ok  	formatet/megaron/server/internal/ai	0.001s
ok  	formatet/megaron/server/internal/auth	0.738s
ok  	formatet/megaron/server/internal/capabilities	0.457s
?   	formatet/megaron/server/internal/carrier	[no test files]
?   	formatet/megaron/server/internal/chronicle	[no test files]
?   	formatet/megaron/server/internal/clock	[no test files]
ok  	formatet/megaron/server/internal/combat	7.391s
ok  	formatet/megaron/server/internal/economy	4.399s
ok  	formatet/megaron/server/internal/events	0.061s
ok  	formatet/megaron/server/internal/gossip	0.195s
ok  	formatet/megaron/server/internal/hexgrid	0.001s
ok  	formatet/megaron/server/internal/kharis	2.859s
ok  	formatet/megaron/server/internal/loyalty	0.108s
ok  	formatet/megaron/server/internal/messenger	1.715s
ok  	formatet/megaron/server/internal/movement	0.003s
ok  	formatet/megaron/server/internal/notify	1.101s
ok  	formatet/megaron/server/internal/province	0.228s
ok  	formatet/megaron/server/internal/religion	0.027s
ok  	formatet/megaron/server/internal/settlement	0.001s
ok  	formatet/megaron/server/internal/tick	0.002s
ok  	formatet/megaron/server/internal/transport	0.750s
ok  	formatet/megaron/server/internal/unit	0.025s
?   	formatet/megaron/server/internal/unit/shipnames	[no test files]
ok  	formatet/megaron/server/internal/world	91.057s
