» färsk DB på migration 160 · commit 34d26d15
ok  	formatet/megaron/server/api/handlers	24.582s
?   	formatet/megaron/server/cmd/create-world	[no test files]
ok  	formatet/megaron/server/cmd/keryx	0.025s
?   	formatet/megaron/server/cmd/mapgen-debug	[no test files]
?   	formatet/megaron/server/cmd/recompute-all	[no test files]
ok  	formatet/megaron/server/cmd/server	0.833s
ok  	formatet/megaron/server/internal/agora	0.037s
ok  	formatet/megaron/server/internal/ai	0.001s
ok  	formatet/megaron/server/internal/auth	0.716s
ok  	formatet/megaron/server/internal/capabilities	0.437s
?   	formatet/megaron/server/internal/chronicle	[no test files]
?   	formatet/megaron/server/internal/clock	[no test files]
ok  	formatet/megaron/server/internal/combat	6.154s
ok  	formatet/megaron/server/internal/economy	4.793s
ok  	formatet/megaron/server/internal/events	0.063s
ok  	formatet/megaron/server/internal/gossip	0.190s
ok  	formatet/megaron/server/internal/hexgrid	0.001s
ok  	formatet/megaron/server/internal/kharis	3.004s
ok  	formatet/megaron/server/internal/loyalty	0.116s
ok  	formatet/megaron/server/internal/messenger	1.313s
ok  	formatet/megaron/server/internal/movement	0.003s
ok  	formatet/megaron/server/internal/notify	1.114s
ok  	formatet/megaron/server/internal/province	0.221s
ok  	formatet/megaron/server/internal/religion	0.024s
ok  	formatet/megaron/server/internal/settlement	0.001s
ok  	formatet/megaron/server/internal/tick	0.002s
ok  	formatet/megaron/server/internal/transport	0.584s
ok  	formatet/megaron/server/internal/unit	0.021s
?   	formatet/megaron/server/internal/unit/shipnames	[no test files]
ok  	formatet/megaron/server/internal/world	91.871s
