TAP version 13
# Subtest: I: missing or invalid arrival never prints Invalid Date or NaNm
ok 1 - I: missing or invalid arrival never prints Invalid Date or NaNm
  ---
  duration_ms: 0.622907
  type: 'test'
  ...
# Subtest: I: authoritative tick still works without ISO and overrides invalid ISO
ok 2 - I: authoritative tick still works without ISO and overrides invalid ISO
  ---
  duration_ms: 9.099831
  type: 'test'
  ...
# Subtest: I: valid ISO fallback still has arrival and completed wording
ok 3 - I: valid ISO fallback still has arrival and completed wording
  ---
  duration_ms: 0.225159
  type: 'test'
  ...
1..3
# tests 3
# suites 0
# pass 3
# fail 0
# cancelled 0
# skipped 0
# todo 0
# duration_ms 48.439978
