TAP version 13
# Subtest: Recall all attempts every marching unit despite a refusal
ok 1 - Recall all attempts every marching unit despite a refusal
  ---
  duration_ms: 1.043875
  type: 'test'
  ...
# Subtest: no marching units means disabled button and no recall requests
ok 2 - no marching units means disabled button and no recall requests
  ---
  duration_ms: 0.127686
  type: 'test'
  ...
# Subtest: a transport failure names that unit and continues to later units
ok 3 - a transport failure names that unit and continues to later units
  ---
  duration_ms: 0.19201
  type: 'test'
  ...
1..3
# tests 3
# suites 0
# pass 3
# fail 0
# cancelled 0
# skipped 0
# todo 0
# duration_ms 42.447359
