» färsk DB på migration 160 · commit fe52e5e9+ändringar
ok  	formatet/megaron/server/api/handlers	24.661s
?   	formatet/megaron/server/cmd/create-world	[no test files]
ok  	formatet/megaron/server/cmd/keryx	0.021s
?   	formatet/megaron/server/cmd/mapgen-debug	[no test files]
?   	formatet/megaron/server/cmd/recompute-all	[no test files]
ok  	formatet/megaron/server/cmd/server	0.844s
ok  	formatet/megaron/server/internal/agora	0.037s
ok  	formatet/megaron/server/internal/ai	0.001s
ok  	formatet/megaron/server/internal/auth	0.733s
ok  	formatet/megaron/server/internal/capabilities	0.452s
?   	formatet/megaron/server/internal/chronicle	[no test files]
?   	formatet/megaron/server/internal/clock	[no test files]
ok  	formatet/megaron/server/internal/combat	5.906s
ok  	formatet/megaron/server/internal/economy	4.841s
ok  	formatet/megaron/server/internal/events	0.064s
ok  	formatet/megaron/server/internal/gossip	0.194s
ok  	formatet/megaron/server/internal/hexgrid	0.001s
ok  	formatet/megaron/server/internal/kharis	2.589s
ok  	formatet/megaron/server/internal/loyalty	0.121s
ok  	formatet/megaron/server/internal/messenger	1.300s
ok  	formatet/megaron/server/internal/movement	0.003s
ok  	formatet/megaron/server/internal/notify	1.098s
ok  	formatet/megaron/server/internal/province	0.232s
ok  	formatet/megaron/server/internal/religion	0.025s
ok  	formatet/megaron/server/internal/settlement	0.002s
ok  	formatet/megaron/server/internal/tick	0.002s
ok  	formatet/megaron/server/internal/transport	0.612s
ok  	formatet/megaron/server/internal/unit	0.022s
?   	formatet/megaron/server/internal/unit/shipnames	[no test files]
ok  	formatet/megaron/server/internal/world	89.739s
