TAP version 13
# Subtest: M: actual drawer offers exactly Correspondence and Known
ok 1 - M: actual drawer offers exactly Correspondence and Known
  ---
  duration_ms: 17.884055
  type: 'test'
  ...
# Subtest: M: Known keeps ruler and city knowledge, writes numbers in words, gates rumours
ok 2 - M: Known keeps ruler and city knowledge, writes numbers in words, gates rumours
  ---
  duration_ms: 2.230678
  type: 'test'
  ...
# Subtest: M: first letter and both trade directions remain reachable without any prior letter
ok 3 - M: first letter and both trade directions remain reachable without any prior letter
  ---
  duration_ms: 14.694202
  type: 'test'
  ...
# Subtest: M: selecting rumour, own city or a removed contact creates no draft or dispatch
ok 4 - M: selecting rumour, own city or a removed contact creates no draft or dispatch
  ---
  duration_ms: 0.437416
  type: 'test'
  ...
# Subtest: M: host still reads both tabs but does not gain a settlement-only trade composer
ok 5 - M: host still reads both tabs but does not gain a settlement-only trade composer
  ---
  duration_ms: 0.639536
  type: 'test'
  ...
# Subtest: M: failed Known fetch offers retry without inventing an empty directory
ok 6 - M: failed Known fetch offers retry without inventing an empty directory
  ---
  duration_ms: 1.42427
  type: 'test'
  ...
1..6
# tests 6
# suites 0
# pass 6
# fail 0
# cancelled 0
# skipped 0
# todo 0
# duration_ms 94.149543
