TAP version 13
# Subtest: M: actual drawer offers exactly Correspondence and Known
ok 1 - M: actual drawer offers exactly Correspondence and Known
  ---
  duration_ms: 14.018489
  type: 'test'
  ...
# Subtest: M: Known keeps ruler and city knowledge, writes numbers in words, gates rumours
ok 2 - M: Known keeps ruler and city knowledge, writes numbers in words, gates rumours
  ---
  duration_ms: 1.752328
  type: 'test'
  ...
# Subtest: M: first letter and both trade directions remain reachable without any prior letter
ok 3 - M: first letter and both trade directions remain reachable without any prior letter
  ---
  duration_ms: 11.300502
  type: 'test'
  ...
# Subtest: M: selecting rumour, own city or a removed contact creates no draft or dispatch
ok 4 - M: selecting rumour, own city or a removed contact creates no draft or dispatch
  ---
  duration_ms: 0.367754
  type: 'test'
  ...
# Subtest: M: host still reads both tabs but does not gain a settlement-only trade composer
ok 5 - M: host still reads both tabs but does not gain a settlement-only trade composer
  ---
  duration_ms: 0.587701
  type: 'test'
  ...
# Subtest: M: failed Known fetch offers retry without inventing an empty directory
ok 6 - M: failed Known fetch offers retry without inventing an empty directory
  ---
  duration_ms: 1.344378
  type: 'test'
  ...
# Subtest: M: Write clears a stale composer while the chosen conversation loads
ok 7 - M: Write clears a stale composer while the chosen conversation loads
  ---
  duration_ms: 4.817952
  type: 'test'
  ...
1..7
# tests 7
# suites 0
# pass 7
# fail 0
# cancelled 0
# skipped 0
# todo 0
# duration_ms 76.727386
