» färsk DB på migration 160 · commit 0f18d815
ok  	formatet/megaron/server/api/handlers	25.165s
?   	formatet/megaron/server/cmd/create-world	[no test files]
ok  	formatet/megaron/server/cmd/keryx	0.027s
?   	formatet/megaron/server/cmd/mapgen-debug	[no test files]
?   	formatet/megaron/server/cmd/recompute-all	[no test files]
ok  	formatet/megaron/server/cmd/server	0.913s
ok  	formatet/megaron/server/internal/agora	0.035s
ok  	formatet/megaron/server/internal/ai	0.002s
ok  	formatet/megaron/server/internal/auth	0.747s
ok  	formatet/megaron/server/internal/capabilities	0.481s
?   	formatet/megaron/server/internal/chronicle	[no test files]
?   	formatet/megaron/server/internal/clock	[no test files]
ok  	formatet/megaron/server/internal/combat	6.133s
ok  	formatet/megaron/server/internal/economy	5.092s
ok  	formatet/megaron/server/internal/events	0.066s
ok  	formatet/megaron/server/internal/gossip	0.198s
ok  	formatet/megaron/server/internal/hexgrid	0.001s
ok  	formatet/megaron/server/internal/kharis	3.013s
ok  	formatet/megaron/server/internal/loyalty	0.128s
ok  	formatet/megaron/server/internal/messenger	1.352s
ok  	formatet/megaron/server/internal/movement	0.003s
ok  	formatet/megaron/server/internal/notify	1.087s
ok  	formatet/megaron/server/internal/province	0.232s
ok  	formatet/megaron/server/internal/religion	0.027s
ok  	formatet/megaron/server/internal/settlement	0.002s
ok  	formatet/megaron/server/internal/tick	0.002s
ok  	formatet/megaron/server/internal/transport	0.621s
ok  	formatet/megaron/server/internal/unit	0.022s
?   	formatet/megaron/server/internal/unit/shipnames	[no test files]
ok  	formatet/megaron/server/internal/world	91.470s
