TAP version 13
# Subtest: M: actual drawer offers exactly Correspondence and Known
ok 1 - M: actual drawer offers exactly Correspondence and Known
  ---
  duration_ms: 14.14809
  type: 'test'
  ...
# Subtest: M: Known keeps ruler and city knowledge, writes numbers in words, gates rumours
ok 2 - M: Known keeps ruler and city knowledge, writes numbers in words, gates rumours
  ---
  duration_ms: 1.797585
  type: 'test'
  ...
# Subtest: M: first letter and both trade directions remain reachable without any prior letter
ok 3 - M: first letter and both trade directions remain reachable without any prior letter
  ---
  duration_ms: 11.414723
  type: 'test'
  ...
# Subtest: M: selecting rumour, own city or a removed contact creates no draft or dispatch
ok 4 - M: selecting rumour, own city or a removed contact creates no draft or dispatch
  ---
  duration_ms: 0.352366
  type: 'test'
  ...
# Subtest: M: host still reads both tabs but does not gain a settlement-only trade composer
ok 5 - M: host still reads both tabs but does not gain a settlement-only trade composer
  ---
  duration_ms: 0.580253
  type: 'test'
  ...
# Subtest: M: failed Known fetch offers retry without inventing an empty directory
ok 6 - M: failed Known fetch offers retry without inventing an empty directory
  ---
  duration_ms: 1.302294
  type: 'test'
  ...
# Subtest: M: Write clears a stale composer while the chosen conversation loads
ok 7 - M: Write clears a stale composer while the chosen conversation loads
  ---
  duration_ms: 4.759805
  type: 'test'
  ...
1..7
# tests 7
# suites 0
# pass 7
# fail 0
# cancelled 0
# skipped 0
# todo 0
# duration_ms 79.006474
