TAP version 13
# Subtest: M: actual drawer offers exactly Correspondence and Known
ok 1 - M: actual drawer offers exactly Correspondence and Known
  ---
  duration_ms: 13.878477
  type: 'test'
  ...
# Subtest: M: Known keeps ruler and city knowledge, writes numbers in words, gates rumours
ok 2 - M: Known keeps ruler and city knowledge, writes numbers in words, gates rumours
  ---
  duration_ms: 1.31115
  type: 'test'
  ...
# Subtest: M: first letter and both trade directions remain reachable without any prior letter
ok 3 - M: first letter and both trade directions remain reachable without any prior letter
  ---
  duration_ms: 12.520702
  type: 'test'
  ...
# Subtest: M: selecting rumour, own city or a removed contact creates no draft or dispatch
ok 4 - M: selecting rumour, own city or a removed contact creates no draft or dispatch
  ---
  duration_ms: 0.344588
  type: 'test'
  ...
1..4
# tests 4
# suites 0
# pass 4
# fail 0
# cancelled 0
# skipped 0
# todo 0
# duration_ms 71.809777
