» färsk DB på migration 160 · commit 7798096e
ok  	formatet/megaron/server/api/handlers	24.228s
?   	formatet/megaron/server/cmd/create-world	[no test files]
ok  	formatet/megaron/server/cmd/keryx	0.022s
?   	formatet/megaron/server/cmd/mapgen-debug	[no test files]
?   	formatet/megaron/server/cmd/recompute-all	[no test files]
ok  	formatet/megaron/server/cmd/server	0.831s
ok  	formatet/megaron/server/internal/agora	0.037s
ok  	formatet/megaron/server/internal/ai	0.002s
ok  	formatet/megaron/server/internal/auth	0.711s
ok  	formatet/megaron/server/internal/capabilities	0.439s
?   	formatet/megaron/server/internal/chronicle	[no test files]
?   	formatet/megaron/server/internal/clock	[no test files]
ok  	formatet/megaron/server/internal/combat	5.791s
ok  	formatet/megaron/server/internal/economy	4.796s
ok  	formatet/megaron/server/internal/events	0.063s
ok  	formatet/megaron/server/internal/gossip	0.188s
ok  	formatet/megaron/server/internal/hexgrid	0.001s
ok  	formatet/megaron/server/internal/kharis	2.971s
ok  	formatet/megaron/server/internal/loyalty	0.108s
ok  	formatet/megaron/server/internal/messenger	1.263s
ok  	formatet/megaron/server/internal/movement	0.003s
ok  	formatet/megaron/server/internal/notify	1.103s
ok  	formatet/megaron/server/internal/province	0.220s
ok  	formatet/megaron/server/internal/religion	0.024s
ok  	formatet/megaron/server/internal/settlement	0.002s
ok  	formatet/megaron/server/internal/tick	0.002s
ok  	formatet/megaron/server/internal/transport	0.583s
ok  	formatet/megaron/server/internal/unit	0.021s
?   	formatet/megaron/server/internal/unit/shipnames	[no test files]
ok  	formatet/megaron/server/internal/world	93.118s
