» färsk DB på migration 160 · commit 981d2411
ok  	formatet/megaron/server/api/handlers	25.165s
?   	formatet/megaron/server/cmd/create-world	[no test files]
ok  	formatet/megaron/server/cmd/keryx	0.025s
?   	formatet/megaron/server/cmd/mapgen-debug	[no test files]
?   	formatet/megaron/server/cmd/recompute-all	[no test files]
ok  	formatet/megaron/server/cmd/server	1.001s
ok  	formatet/megaron/server/internal/agora	0.035s
ok  	formatet/megaron/server/internal/ai	0.002s
ok  	formatet/megaron/server/internal/auth	0.734s
ok  	formatet/megaron/server/internal/capabilities	0.465s
?   	formatet/megaron/server/internal/chronicle	[no test files]
?   	formatet/megaron/server/internal/clock	[no test files]
ok  	formatet/megaron/server/internal/combat	6.103s
ok  	formatet/megaron/server/internal/economy	5.024s
ok  	formatet/megaron/server/internal/events	0.064s
ok  	formatet/megaron/server/internal/gossip	0.193s
ok  	formatet/megaron/server/internal/hexgrid	0.001s
ok  	formatet/megaron/server/internal/kharis	2.979s
ok  	formatet/megaron/server/internal/loyalty	0.110s
ok  	formatet/megaron/server/internal/messenger	1.336s
ok  	formatet/megaron/server/internal/movement	0.003s
ok  	formatet/megaron/server/internal/notify	1.084s
ok  	formatet/megaron/server/internal/province	0.226s
ok  	formatet/megaron/server/internal/religion	0.026s
ok  	formatet/megaron/server/internal/settlement	0.002s
ok  	formatet/megaron/server/internal/tick	0.002s
ok  	formatet/megaron/server/internal/transport	0.664s
ok  	formatet/megaron/server/internal/unit	0.021s
?   	formatet/megaron/server/internal/unit/shipnames	[no test files]
ok  	formatet/megaron/server/internal/world	86.160s
