» färsk DB på migration 161 · commit 59902de4
ok  	formatet/megaron/server/api/handlers	25.721s
?   	formatet/megaron/server/cmd/create-world	[no test files]
ok  	formatet/megaron/server/cmd/keryx	0.023s
?   	formatet/megaron/server/cmd/mapgen-debug	[no test files]
?   	formatet/megaron/server/cmd/recompute-all	[no test files]
ok  	formatet/megaron/server/cmd/server	0.834s
ok  	formatet/megaron/server/internal/agora	0.036s
ok  	formatet/megaron/server/internal/ai	0.001s
ok  	formatet/megaron/server/internal/auth	0.726s
ok  	formatet/megaron/server/internal/capabilities	0.448s
?   	formatet/megaron/server/internal/chronicle	[no test files]
?   	formatet/megaron/server/internal/clock	[no test files]
ok  	formatet/megaron/server/internal/combat	6.713s
ok  	formatet/megaron/server/internal/economy	4.230s
ok  	formatet/megaron/server/internal/events	0.061s
ok  	formatet/megaron/server/internal/gossip	0.187s
ok  	formatet/megaron/server/internal/hexgrid	0.001s
ok  	formatet/megaron/server/internal/kharis	2.769s
ok  	formatet/megaron/server/internal/loyalty	0.105s
ok  	formatet/megaron/server/internal/messenger	1.288s
ok  	formatet/megaron/server/internal/movement	0.003s
ok  	formatet/megaron/server/internal/notify	1.098s
ok  	formatet/megaron/server/internal/province	0.221s
ok  	formatet/megaron/server/internal/religion	0.024s
ok  	formatet/megaron/server/internal/settlement	0.001s
ok  	formatet/megaron/server/internal/tick	0.002s
ok  	formatet/megaron/server/internal/transport	0.588s
ok  	formatet/megaron/server/internal/unit	0.022s
?   	formatet/megaron/server/internal/unit/shipnames	[no test files]
ok  	formatet/megaron/server/internal/world	91.046s
