agora_password_changed: HTTP 200
army_disbanded: HTTP 200
build_cancelled: HTTP 200
cult_allocated: HTTP 200
gift_sent: HTTP 200
loyalty_gift_sent: HTTP 200
notification_preferences_changed: HTTP 200
notification_read: HTTP 200
notifications_deleted: HTTP 200
notifications_read: HTTP 200
occupation_order_sent: HTTP 200
passage_arranged: HTTP 200
password_changed: HTTP 200
pickup_sent: HTTP 200
placement_removed: HTTP 200
recall_sent: HTTP 200
redirect_sent: HTTP 200
reinforce_sent: HTTP 200
repair_started: HTTP 200
reply_sent: HTTP 200
report_sent: HTTP 200
retreat_default_changed: HTTP 200
retreat_order_sent: HTTP 200
runner_called_back: HTTP 200
settlement_abandoned: HTTP 200
stance_sent: HTTP 200
standing_order_created: HTTP 200
standing_order_deleted: HTTP 200
standing_order_paused: HTTP 200
standing_order_resumed: HTTP 200
trade_accepted: HTTP 200
trade_cancelled: HTTP 200
trade_declined: HTTP 200
transfer_sent: HTTP 200
troops_loaded: HTTP 200
troops_unloaded: HTTP 200
verb_refused: HTTP 200
worker_placed: HTTP 200
workplace_staffed: HTTP 200
world_joined: HTTP 200
40 new event names verified in DB with test:1; nothing deleted.
