TAP version 13
# Subtest: Q actual Host: only site assessment is primary and all existing detail stays in one closed Details
ok 1 - Q actual Host: only site assessment is primary and all existing detail stays in one closed Details
  ---
  duration_ms: 22.258297
  type: 'test'
  ...
# Subtest: Q actual Host: unrounded net and raw goods, not carried stocks or a new food formula, decide yes/no
ok 2 - Q actual Host: unrounded net and raw goods, not carried stocks or a new food formula, decide yes/no
  ---
  duration_ms: 1.967089
  type: 'test'
  ...
# Subtest: Q actual Host: produces restores on another hex and late forecast cannot overwrite that panel
ok 3 - Q actual Host: produces restores on another hex and late forecast cannot overwrite that panel
  ---
  duration_ms: 1.28507
  type: 'test'
  ...
# Subtest: Q actual Host: archived real colonize-preview with timber 8 must show Timber yes
ok 4 - Q actual Host: archived real colonize-preview with timber 8 must show Timber yes
  ---
  duration_ms: 1.857438
  type: 'test'
  ...
1..4
# tests 4
# suites 0
# pass 4
# fail 0
# cancelled 0
# skipped 0
# todo 0
# duration_ms 77.353385
