TAP version 13
# Subtest: Q actual Host: only site assessment is primary and all existing detail stays in one closed Details
ok 1 - Q actual Host: only site assessment is primary and all existing detail stays in one closed Details
  ---
  duration_ms: 22.237213
  type: 'test'
  ...
# Subtest: Q actual Host: unrounded net and raw goods, not carried stocks or a new food formula, decide yes/no
ok 2 - Q actual Host: unrounded net and raw goods, not carried stocks or a new food formula, decide yes/no
  ---
  duration_ms: 1.945109
  type: 'test'
  ...
# Subtest: Q actual Host: produces restores on another hex and late forecast cannot overwrite that panel
ok 3 - Q actual Host: produces restores on another hex and late forecast cannot overwrite that panel
  ---
  duration_ms: 1.341421
  type: 'test'
  ...
1..3
# tests 3
# suites 0
# pass 3
# fail 0
# cancelled 0
# skipped 0
# todo 0
# duration_ms 76.27563
