» färsk DB på migration 160 · commit d2b66ca1+ändringar
ok  	formatet/megaron/server/api/handlers	25.533s
?   	formatet/megaron/server/cmd/create-world	[no test files]
ok  	formatet/megaron/server/cmd/keryx	0.023s
?   	formatet/megaron/server/cmd/mapgen-debug	[no test files]
?   	formatet/megaron/server/cmd/recompute-all	[no test files]
ok  	formatet/megaron/server/cmd/server	0.896s
ok  	formatet/megaron/server/internal/agora	0.036s
ok  	formatet/megaron/server/internal/ai	0.002s
ok  	formatet/megaron/server/internal/auth	0.741s
ok  	formatet/megaron/server/internal/capabilities	0.473s
?   	formatet/megaron/server/internal/chronicle	[no test files]
?   	formatet/megaron/server/internal/clock	[no test files]
ok  	formatet/megaron/server/internal/combat	6.122s
ok  	formatet/megaron/server/internal/economy	4.828s
ok  	formatet/megaron/server/internal/events	0.063s
ok  	formatet/megaron/server/internal/gossip	0.193s
ok  	formatet/megaron/server/internal/hexgrid	0.001s
ok  	formatet/megaron/server/internal/kharis	2.903s
ok  	formatet/megaron/server/internal/loyalty	0.111s
ok  	formatet/megaron/server/internal/messenger	1.298s
ok  	formatet/megaron/server/internal/movement	0.003s
ok  	formatet/megaron/server/internal/notify	1.084s
ok  	formatet/megaron/server/internal/province	0.227s
ok  	formatet/megaron/server/internal/religion	0.025s
ok  	formatet/megaron/server/internal/settlement	0.002s
ok  	formatet/megaron/server/internal/tick	0.002s
ok  	formatet/megaron/server/internal/transport	0.597s
ok  	formatet/megaron/server/internal/unit	0.021s
?   	formatet/megaron/server/internal/unit/shipnames	[no test files]
ok  	formatet/megaron/server/internal/world	91.835s
