TAP version 13
# Subtest: L actual inspect: owner and qualitative defence replace Culture/Walls/DP, actions keep IDs
ok 1 - L actual inspect: owner and qualitative defence replace Culture/Walls/DP, actions keep IDs
  ---
  duration_ms: 17.25239
  type: 'test'
  ...
# Subtest: L actual inspect: fog never exposes marker/army and late army reply cannot update a different panel
ok 2 - L actual inspect: fog never exposes marker/army and late army reply cannot update a different panel
  ---
  duration_ms: 1.029033
  type: 'test'
  ...
# Subtest: L actual Host: food and escort pay durations use exact game days in words, never wall time
ok 3 - L actual Host: food and escort pay durations use exact game days in words, never wall time
  ---
  duration_ms: 1.905003
  type: 'test'
  ...
1..3
# tests 3
# suites 0
# pass 3
# fail 0
# cancelled 0
# skipped 0
# todo 0
# duration_ms 75.49846
