» färsk DB på migration 160 · commit faa121d2
ok  	formatet/megaron/server/api/handlers	25.879s
?   	formatet/megaron/server/cmd/create-world	[no test files]
ok  	formatet/megaron/server/cmd/keryx	0.024s
?   	formatet/megaron/server/cmd/mapgen-debug	[no test files]
?   	formatet/megaron/server/cmd/recompute-all	[no test files]
ok  	formatet/megaron/server/cmd/server	0.944s
ok  	formatet/megaron/server/internal/agora	0.036s
ok  	formatet/megaron/server/internal/ai	0.002s
ok  	formatet/megaron/server/internal/auth	0.749s
ok  	formatet/megaron/server/internal/capabilities	0.483s
?   	formatet/megaron/server/internal/chronicle	[no test files]
?   	formatet/megaron/server/internal/clock	[no test files]
ok  	formatet/megaron/server/internal/combat	6.481s
ok  	formatet/megaron/server/internal/economy	5.561s
ok  	formatet/megaron/server/internal/events	0.074s
ok  	formatet/megaron/server/internal/gossip	0.220s
ok  	formatet/megaron/server/internal/hexgrid	0.001s
ok  	formatet/megaron/server/internal/kharis	3.285s
ok  	formatet/megaron/server/internal/loyalty	0.123s
ok  	formatet/megaron/server/internal/messenger	1.463s
ok  	formatet/megaron/server/internal/movement	0.003s
ok  	formatet/megaron/server/internal/notify	1.090s
ok  	formatet/megaron/server/internal/province	0.251s
ok  	formatet/megaron/server/internal/religion	0.029s
ok  	formatet/megaron/server/internal/settlement	0.002s
ok  	formatet/megaron/server/internal/tick	0.002s
ok  	formatet/megaron/server/internal/transport	0.673s
ok  	formatet/megaron/server/internal/unit	0.023s
?   	formatet/megaron/server/internal/unit/shipnames	[no test files]
