» färsk DB på migration 160 · commit faa121d2
ok  	formatet/megaron/server/api/handlers	25.009s
?   	formatet/megaron/server/cmd/create-world	[no test files]
ok  	formatet/megaron/server/cmd/keryx	0.024s
?   	formatet/megaron/server/cmd/mapgen-debug	[no test files]
?   	formatet/megaron/server/cmd/recompute-all	[no test files]
ok  	formatet/megaron/server/cmd/server	0.994s
ok  	formatet/megaron/server/internal/agora	0.035s
ok  	formatet/megaron/server/internal/ai	0.002s
ok  	formatet/megaron/server/internal/auth	0.762s
ok  	formatet/megaron/server/internal/capabilities	0.464s
?   	formatet/megaron/server/internal/chronicle	[no test files]
?   	formatet/megaron/server/internal/clock	[no test files]
# formatet/megaron/server/internal/combat.test
/usr/lib/go/pkg/tool/linux_amd64/link: mapping output file failed: disk quota exceeded
FAIL	formatet/megaron/server/internal/combat [build failed]
# formatet/megaron/server/internal/economy.test
/usr/lib/go/pkg/tool/linux_amd64/link: mapping output file failed: disk quota exceeded
FAIL	formatet/megaron/server/internal/economy [build failed]
# formatet/megaron/server/internal/events.test
/usr/lib/go/pkg/tool/linux_amd64/link: mapping output file failed: disk quota exceeded
FAIL	formatet/megaron/server/internal/events [build failed]
# formatet/megaron/server/internal/gossip.test
/usr/lib/go/pkg/tool/linux_amd64/link: mapping output file failed: disk quota exceeded
FAIL	formatet/megaron/server/internal/gossip [build failed]
ok  	formatet/megaron/server/internal/hexgrid	0.001s
# formatet/megaron/server/internal/kharis.test
/usr/lib/go/pkg/tool/linux_amd64/link: mapping output file failed: disk quota exceeded
FAIL	formatet/megaron/server/internal/kharis [build failed]
# formatet/megaron/server/internal/loyalty.test
/usr/lib/go/pkg/tool/linux_amd64/link: mapping output file failed: disk quota exceeded
FAIL	formatet/megaron/server/internal/loyalty [build failed]
# formatet/megaron/server/internal/messenger [formatet/megaron/server/internal/messenger.test]
compile: writing output: write $WORK/b373/_pkg_.a: disk quota exceeded
FAIL	formatet/megaron/server/internal/messenger [build failed]
# formatet/megaron/server/internal/movement [formatet/megaron/server/internal/movement.test]
compile: writing output: write $WORK/b375/_pkg_.a: disk quota exceeded
FAIL	formatet/megaron/server/internal/movement [build failed]
# formatet/megaron/server/internal/notify [formatet/megaron/server/internal/notify.test]
compile: writing output: write $WORK/b377/_pkg_.a: disk quota exceeded
FAIL	formatet/megaron/server/internal/notify [build failed]
# formatet/megaron/server/internal/province [formatet/megaron/server/internal/province.test]
compile: writing output: write $WORK/b379/_pkg_.a: disk quota exceeded
FAIL	formatet/megaron/server/internal/province [build failed]
# formatet/megaron/server/internal/religion [formatet/megaron/server/internal/religion.test]
compile: writing output: write $WORK/b381/_pkg_.a: disk quota exceeded
FAIL	formatet/megaron/server/internal/religion [build failed]
# formatet/megaron/server/internal/settlement [formatet/megaron/server/internal/settlement.test]
compile: writing output: write $WORK/b383/_pkg_.a: disk quota exceeded
FAIL	formatet/megaron/server/internal/settlement [build failed]
# formatet/megaron/server/internal/tick [formatet/megaron/server/internal/tick.test]
compile: writing output: write $WORK/b385/_pkg_.a: disk quota exceeded
FAIL	formatet/megaron/server/internal/tick [build failed]
# formatet/megaron/server/internal/transport [formatet/megaron/server/internal/transport.test]
compile: writing output: write $WORK/b387/_pkg_.a: disk quota exceeded
FAIL	formatet/megaron/server/internal/transport [build failed]
# formatet/megaron/server/internal/unit [formatet/megaron/server/internal/unit.test]
compile: writing output: write $WORK/b389/_pkg_.a: disk quota exceeded
FAIL	formatet/megaron/server/internal/unit [build failed]
?   	formatet/megaron/server/internal/unit/shipnames	[no test files]
# formatet/megaron/server/internal/world [formatet/megaron/server/internal/worlFAIL	formatet/megaron/server/internal/world [build failed]
FAIL
