» färsk DB på migration 160 · commit c554f437
ok  	formatet/megaron/server/api/handlers	24.236s
?   	formatet/megaron/server/cmd/create-world	[no test files]
ok  	formatet/megaron/server/cmd/keryx	0.023s
?   	formatet/megaron/server/cmd/mapgen-debug	[no test files]
?   	formatet/megaron/server/cmd/recompute-all	[no test files]
ok  	formatet/megaron/server/cmd/server	0.823s
ok  	formatet/megaron/server/internal/agora	0.035s
ok  	formatet/megaron/server/internal/ai	0.001s
ok  	formatet/megaron/server/internal/auth	0.710s
ok  	formatet/megaron/server/internal/capabilities	0.440s
?   	formatet/megaron/server/internal/chronicle	[no test files]
?   	formatet/megaron/server/internal/clock	[no test files]
ok  	formatet/megaron/server/internal/combat	5.786s
ok  	formatet/megaron/server/internal/economy	4.743s
ok  	formatet/megaron/server/internal/events	0.062s
ok  	formatet/megaron/server/internal/gossip	0.187s
ok  	formatet/megaron/server/internal/hexgrid	0.001s
ok  	formatet/megaron/server/internal/kharis	2.824s
ok  	formatet/megaron/server/internal/loyalty	0.104s
ok  	formatet/megaron/server/internal/messenger	1.270s
ok  	formatet/megaron/server/internal/movement	0.003s
ok  	formatet/megaron/server/internal/notify	1.114s
ok  	formatet/megaron/server/internal/province	0.225s
ok  	formatet/megaron/server/internal/religion	0.024s
ok  	formatet/megaron/server/internal/settlement	0.002s
ok  	formatet/megaron/server/internal/tick	0.002s
ok  	formatet/megaron/server/internal/transport	0.579s
ok  	formatet/megaron/server/internal/unit	0.021s
?   	formatet/megaron/server/internal/unit/shipnames	[no test files]
ok  	formatet/megaron/server/internal/world	92.079s
