TAP version 13
# Subtest: N: actual POST preserves multiple outbound goods, return floor zero, decimals and destination crew
ok 1 - N: actual POST preserves multiple outbound goods, return floor zero, decimals and destination crew
  ---
  duration_ms: 13.607877
  type: 'test'
  ...
# Subtest: N: blank optional rows leave an empty return array and source crew intact
ok 2 - N: blank optional rows leave an empty return array and source crew intact
  ---
  duration_ms: 0.602841
  type: 'test'
  ...
# Subtest: N: drawer keeps four tabs and crew choices, replaces both CSV inputs with addable goods rows
ok 3 - N: drawer keeps four tabs and crew choices, replaces both CSV inputs with addable goods rows
  ---
  duration_ms: 5.235266
  type: 'test'
  ...
# Subtest: N: same-city and missing-outbound rows still cannot dispatch
ok 4 - N: same-city and missing-outbound rows still cannot dispatch
  ---
  duration_ms: 0.213361
  type: 'test'
  ...
# Subtest: N: failed goods fetch sends no form, reopening Automation retries full inventory
ok 5 - N: failed goods fetch sends no form, reopening Automation retries full inventory
  ---
  duration_ms: 2.29064
  type: 'test'
  ...
1..5
# tests 5
# suites 0
# pass 5
# fail 0
# cancelled 0
# skipped 0
# todo 0
# duration_ms 62.449595
