» färsk DB på migration 160 · commit 153cbb03
ok  	formatet/megaron/server/api/handlers	24.275s
?   	formatet/megaron/server/cmd/create-world	[no test files]
ok  	formatet/megaron/server/cmd/keryx	0.022s
?   	formatet/megaron/server/cmd/mapgen-debug	[no test files]
?   	formatet/megaron/server/cmd/recompute-all	[no test files]
ok  	formatet/megaron/server/cmd/server	0.831s
ok  	formatet/megaron/server/internal/agora	0.035s
ok  	formatet/megaron/server/internal/ai	0.001s
ok  	formatet/megaron/server/internal/auth	0.711s
ok  	formatet/megaron/server/internal/capabilities	0.440s
?   	formatet/megaron/server/internal/chronicle	[no test files]
?   	formatet/megaron/server/internal/clock	[no test files]
ok  	formatet/megaron/server/internal/combat	5.782s
ok  	formatet/megaron/server/internal/economy	4.713s
ok  	formatet/megaron/server/internal/events	0.063s
ok  	formatet/megaron/server/internal/gossip	0.186s
ok  	formatet/megaron/server/internal/hexgrid	0.001s
ok  	formatet/megaron/server/internal/kharis	2.830s
ok  	formatet/megaron/server/internal/loyalty	0.107s
ok  	formatet/megaron/server/internal/messenger	1.523s
ok  	formatet/megaron/server/internal/movement	0.003s
# formatet/megaron/server/internal/notify.test
/usr/lib/go/pkg/tool/linux_amd64/link: mapping output file failed: disk quota exceeded
FAIL	formatet/megaron/server/internal/notify [build failed]
# formatet/megaron/server/internal/province.test
/usr/lib/go/pkg/tool/linux_amd64/link: mapping output file failed: disk quota exceeded
FAIL	formatet/megaron/server/internal/province [build failed]
# formatet/megaron/server/internal/religion.test
/usr/lib/go/pkg/tool/linux_amd64/link: mapping output file failed: disk quota exceeded
FAIL	formatet/megaron/server/internal/religion [build failed]
ok  	formatet/megaron/server/internal/settlement	0.002s
ok  	formatet/megaron/server/internal/tick	0.002s
# formatet/megaron/server/internal/transport.test
/usr/lib/go/pkg/tool/linux_amd64/link: mapping output file failed: disk quota exceeded
FAIL	formatet/megaron/server/internal/transport [build failed]
# formatet/megaron/server/internal/unit.test
/usr/lib/go/pkg/tool/linux_amd64/link: mapping output file failed: disk quota exceeded
FAIL	formatet/megaron/server/internal/unit [build failed]
?   	formatet/megaron/server/internal/unit/shipnames	[no test files]
# formatet/megaron/server/internal/world.test
/usr/lib/go/pkg/tool/linux_amd64/link: mapping output file failed: disk quota exceeded
FAIL	formatet/megaron/server/internal/world [build failed]
FAIL
