TAP version 13
# Subtest: K: inline result is plain text, persistent, accessible and replaces the previous result
ok 1 - K: inline result is plain text, persistent, accessible and replaces the previous result
  ---
  duration_ms: 0.671681
  type: 'test'
  ...
# Subtest: K: abandon opening and cancelling never dispatch, confirmation dispatches once
ok 2 - K: abandon opening and cancelling never dispatch, confirmation dispatches once
  ---
  duration_ms: 0.217597
  type: 'test'
  ...
1..2
# tests 2
# suites 0
# pass 2
# fail 0
# cancelled 0
# skipped 0
# todo 0
# duration_ms 38.78859
