TAP version 13
# Subtest: K: calendar and forming state survive without world speed
ok 1 - K: calendar and forming state survive without world speed
  ---
  duration_ms: 0.824613
  type: 'test'
  ...
# Subtest: K: quiet kinds remain readable both in group and historic archive
ok 2 - K: quiet kinds remain readable both in group and historic archive
  ---
  duration_ms: 0.766362
  type: 'test'
  ...
# Subtest: K: every short advisory has a drawer help link; locked reasons stay authoritative in tooltip
ok 3 - K: every short advisory has a drawer help link; locked reasons stay authoritative in tooltip
  ---
  duration_ms: 0.350712
  type: 'test'
  ...
1..3
# tests 3
# suites 0
# pass 3
# fail 0
# cancelled 0
# skipped 0
# todo 0
# duration_ms 48.371492
