TAP version 13
# Subtest: K: cancellation and passage refusals keep buttons enabled and show server text beside the action
ok 1 - K: cancellation and passage refusals keep buttons enabled and show server text beside the action
  ---
  duration_ms: 15.543132
  type: 'test'
  ...
# Subtest: K: rite refusal stays in Kult; success survives drawer refresh
ok 2 - K: rite refusal stays in Kult; success survives drawer refresh
  ---
  duration_ms: 1.654364
  type: 'test'
  ...
# Subtest: K: real abandon handler cannot POST before inline confirmation; refusal remains visible
ok 3 - K: real abandon handler cannot POST before inline confirmation; refusal remains visible
  ---
  duration_ms: 0.583895
  type: 'test'
  ...
1..3
# tests 3
# suites 0
# pass 3
# fail 0
# cancelled 0
# skipped 0
# todo 0
# duration_ms 86.81142
