» färsk DB på migration 160 · commit 67032a05+ändringar
ok  	formatet/megaron/server/api/handlers	24.492s
?   	formatet/megaron/server/cmd/create-world	[no test files]
ok  	formatet/megaron/server/cmd/keryx	0.023s
?   	formatet/megaron/server/cmd/mapgen-debug	[no test files]
?   	formatet/megaron/server/cmd/recompute-all	[no test files]
ok  	formatet/megaron/server/cmd/server	0.880s
ok  	formatet/megaron/server/internal/agora	0.039s
ok  	formatet/megaron/server/internal/ai	0.001s
ok  	formatet/megaron/server/internal/auth	0.722s
ok  	formatet/megaron/server/internal/capabilities	0.441s
?   	formatet/megaron/server/internal/chronicle	[no test files]
?   	formatet/megaron/server/internal/clock	[no test files]
ok  	formatet/megaron/server/internal/combat	5.847s
ok  	formatet/megaron/server/internal/economy	4.759s
ok  	formatet/megaron/server/internal/events	0.061s
ok  	formatet/megaron/server/internal/gossip	0.183s
ok  	formatet/megaron/server/internal/hexgrid	0.001s
ok  	formatet/megaron/server/internal/kharis	2.830s
ok  	formatet/megaron/server/internal/loyalty	0.107s
ok  	formatet/megaron/server/internal/messenger	1.277s
ok  	formatet/megaron/server/internal/movement	0.003s
ok  	formatet/megaron/server/internal/notify	1.104s
ok  	formatet/megaron/server/internal/province	0.223s
ok  	formatet/megaron/server/internal/religion	0.025s
ok  	formatet/megaron/server/internal/settlement	0.002s
ok  	formatet/megaron/server/internal/tick	0.002s
ok  	formatet/megaron/server/internal/transport	0.577s
ok  	formatet/megaron/server/internal/unit	0.021s
?   	formatet/megaron/server/internal/unit/shipnames	[no test files]
ok  	formatet/megaron/server/internal/world	89.988s
